Analysis & Synthesis report for Main
Tue Sep 22 04:02:45 2026
Quartus Prime Version 25.1std.0 Build 1129 10/21/2025 SC Lite Edition


---------------------
; Table of Contents ;
---------------------
  1. Legal Notice
  2. Analysis & Synthesis Summary
  3. Analysis & Synthesis Settings
  4. Parallel Compilation
  5. Analysis & Synthesis Source Files Read
  6. Analysis & Synthesis Resource Usage Summary
  7. Analysis & Synthesis Resource Utilization by Entity
  8. General Register Statistics
  9. Port Connectivity Checks: "Seg7_Decoder:D2"
 10. Post-Synthesis Netlist Statistics for Top Partition
 11. Elapsed Time Per Partition
 12. Analysis & Synthesis Messages



----------------
; Legal Notice ;
----------------
Copyright (C) 2025  Altera Corporation. All rights reserved.
Your use of Altera Corporation's design tools, logic functions 
and other software and tools, and any partner logic 
functions, and any output files from any of the foregoing 
(including device programming or simulation files), and any 
associated documentation or information are expressly subject 
to the terms and conditions of the Altera Program License 
Subscription Agreement, the Altera Quartus Prime License Agreement,
the Altera IP License Agreement, or other applicable license
agreement, including, without limitation, that your use is for
the sole purpose of programming logic devices manufactured by
Altera and sold by Altera or its authorized distributors.  Please
refer to the Altera Software License Subscription Agreements 
on the Quartus Prime software download page.



+-----------------------------------------------------------------------------------+
; Analysis & Synthesis Summary                                                      ;
+---------------------------------+-------------------------------------------------+
; Analysis & Synthesis Status     ; Successful - Tue Sep 22 04:02:45 2026           ;
; Quartus Prime Version           ; 25.1std.0 Build 1129 10/21/2025 SC Lite Edition ;
; Revision Name                   ; Main                                            ;
; Top-level Entity Name           ; Main                                            ;
; Family                          ; Cyclone V                                       ;
; Logic utilization (in ALMs)     ; N/A                                             ;
; Total registers                 ; 0                                               ;
; Total pins                      ; 96                                              ;
; Total virtual pins              ; 0                                               ;
; Total block memory bits         ; 0                                               ;
; Total DSP Blocks                ; 0                                               ;
; Total HSSI RX PCSs              ; 0                                               ;
; Total HSSI PMA RX Deserializers ; 0                                               ;
; Total HSSI TX PCSs              ; 0                                               ;
; Total HSSI PMA TX Serializers   ; 0                                               ;
; Total PLLs                      ; 0                                               ;
; Total DLLs                      ; 0                                               ;
+---------------------------------+-------------------------------------------------+


+---------------------------------------------------------------------------------------------------------------------------+
; Analysis & Synthesis Settings                                                                                             ;
+---------------------------------------------------------------------------------+--------------------+--------------------+
; Option                                                                          ; Setting            ; Default Value      ;
+---------------------------------------------------------------------------------+--------------------+--------------------+
; Device                                                                          ; 5CGXFC7C7F23C8     ;                    ;
; Top-level entity name                                                           ; Main               ; Main               ;
; Family name                                                                     ; Cyclone V          ; Cyclone V          ;
; Use smart compilation                                                           ; Off                ; Off                ;
; Enable parallel Assembler and Timing Analyzer during compilation                ; On                 ; On                 ;
; Enable compact report table                                                     ; Off                ; Off                ;
; Restructure Multiplexers                                                        ; Auto               ; Auto               ;
; MLAB Add Timing Constraints For Mixed-Port Feed-Through Mode Setting Don't Care ; Off                ; Off                ;
; Create Debugging Nodes for IP Cores                                             ; Off                ; Off                ;
; Preserve fewer node names                                                       ; On                 ; On                 ;
; Intel FPGA IP Evaluation Mode                                                   ; Enable             ; Enable             ;
; Verilog Version                                                                 ; Verilog_2001       ; Verilog_2001       ;
; VHDL Version                                                                    ; VHDL_1993          ; VHDL_1993          ;
; State Machine Processing                                                        ; Auto               ; Auto               ;
; Safe State Machine                                                              ; Off                ; Off                ;
; Extract Verilog State Machines                                                  ; On                 ; On                 ;
; Extract VHDL State Machines                                                     ; On                 ; On                 ;
; Ignore Verilog initial constructs                                               ; Off                ; Off                ;
; Iteration limit for constant Verilog loops                                      ; 5000               ; 5000               ;
; Iteration limit for non-constant Verilog loops                                  ; 250                ; 250                ;
; Add Pass-Through Logic to Inferred RAMs                                         ; On                 ; On                 ;
; Infer RAMs from Raw Logic                                                       ; On                 ; On                 ;
; Parallel Synthesis                                                              ; On                 ; On                 ;
; DSP Block Balancing                                                             ; Auto               ; Auto               ;
; NOT Gate Push-Back                                                              ; On                 ; On                 ;
; Power-Up Don't Care                                                             ; On                 ; On                 ;
; Remove Redundant Logic Cells                                                    ; Off                ; Off                ;
; Remove Duplicate Registers                                                      ; On                 ; On                 ;
; Ignore CARRY Buffers                                                            ; Off                ; Off                ;
; Ignore CASCADE Buffers                                                          ; Off                ; Off                ;
; Ignore GLOBAL Buffers                                                           ; Off                ; Off                ;
; Ignore ROW GLOBAL Buffers                                                       ; Off                ; Off                ;
; Ignore LCELL Buffers                                                            ; Off                ; Off                ;
; Ignore SOFT Buffers                                                             ; On                 ; On                 ;
; Limit AHDL Integers to 32 Bits                                                  ; Off                ; Off                ;
; Optimization Technique                                                          ; Balanced           ; Balanced           ;
; Carry Chain Length                                                              ; 70                 ; 70                 ;
; Auto Carry Chains                                                               ; On                 ; On                 ;
; Auto Open-Drain Pins                                                            ; On                 ; On                 ;
; Perform WYSIWYG Primitive Resynthesis                                           ; Off                ; Off                ;
; Auto ROM Replacement                                                            ; On                 ; On                 ;
; Auto RAM Replacement                                                            ; On                 ; On                 ;
; Auto DSP Block Replacement                                                      ; On                 ; On                 ;
; Auto Shift Register Replacement                                                 ; Auto               ; Auto               ;
; Allow Shift Register Merging across Hierarchies                                 ; Auto               ; Auto               ;
; Auto Clock Enable Replacement                                                   ; On                 ; On                 ;
; Strict RAM Replacement                                                          ; Off                ; Off                ;
; Allow Synchronous Control Signals                                               ; On                 ; On                 ;
; Force Use of Synchronous Clear Signals                                          ; Off                ; Off                ;
; Auto Resource Sharing                                                           ; Off                ; Off                ;
; Allow Any RAM Size For Recognition                                              ; Off                ; Off                ;
; Allow Any ROM Size For Recognition                                              ; Off                ; Off                ;
; Allow Any Shift Register Size For Recognition                                   ; Off                ; Off                ;
; Use LogicLock Constraints during Resource Balancing                             ; On                 ; On                 ;
; Ignore translate_off and synthesis_off directives                               ; Off                ; Off                ;
; Timing-Driven Synthesis                                                         ; On                 ; On                 ;
; Report Parameter Settings                                                       ; On                 ; On                 ;
; Report Source Assignments                                                       ; On                 ; On                 ;
; Report Connectivity Checks                                                      ; On                 ; On                 ;
; Ignore Maximum Fan-Out Assignments                                              ; Off                ; Off                ;
; Synchronization Register Chain Length                                           ; 3                  ; 3                  ;
; Power Optimization During Synthesis                                             ; Normal compilation ; Normal compilation ;
; HDL message level                                                               ; Level2             ; Level2             ;
; Suppress Register Optimization Related Messages                                 ; Off                ; Off                ;
; Number of Removed Registers Reported in Synthesis Report                        ; 5000               ; 5000               ;
; Number of Swept Nodes Reported in Synthesis Report                              ; 5000               ; 5000               ;
; Number of Inverted Registers Reported in Synthesis Report                       ; 100                ; 100                ;
; Clock MUX Protection                                                            ; On                 ; On                 ;
; Auto Gated Clock Conversion                                                     ; Off                ; Off                ;
; Block Design Naming                                                             ; Auto               ; Auto               ;
; SDC constraint protection                                                       ; Off                ; Off                ;
; Synthesis Effort                                                                ; Auto               ; Auto               ;
; Shift Register Replacement - Allow Asynchronous Clear Signal                    ; On                 ; On                 ;
; Pre-Mapping Resynthesis Optimization                                            ; Off                ; Off                ;
; Analysis & Synthesis Message Level                                              ; Medium             ; Medium             ;
; Disable Register Merging Across Hierarchies                                     ; Auto               ; Auto               ;
; Resource Aware Inference For Block RAM                                          ; On                 ; On                 ;
; Automatic Parallel Synthesis                                                    ; On                 ; On                 ;
; Partial Reconfiguration Bitstream ID                                            ; Off                ; Off                ;
+---------------------------------------------------------------------------------+--------------------+--------------------+


+------------------------------------------+
; Parallel Compilation                     ;
+----------------------------+-------------+
; Processors                 ; Number      ;
+----------------------------+-------------+
; Number detected on machine ; 4           ;
; Maximum allowed            ; 4           ;
;                            ;             ;
; Average used               ; 1.00        ;
; Maximum used               ; 1           ;
;                            ;             ;
; Usage by Processor         ; % Time Used ;
;     Processor 1            ; 100.0%      ;
+----------------------------+-------------+


+-------------------------------------------------------------------------------------------------------------------------------------------------------------------------------+
; Analysis & Synthesis Source Files Read                                                                                                                                        ;
+----------------------------------+-----------------+------------------------------+---------------------------------------------------------------------------------+---------+
; File Name with User-Entered Path ; Used in Netlist ; File Type                    ; File Name with Absolute Path                                                    ; Library ;
+----------------------------------+-----------------+------------------------------+---------------------------------------------------------------------------------+---------+
; BCD_Adder_Algorithm.v            ; yes             ; User Verilog HDL File        ; C:/AdvanceDigyProjects/ENCE_3210_Jacob_Arrazola_2026/Lab2/BCD_Adder_Algorithm.v ;         ;
; main.v                           ; yes             ; Auto-Found Verilog HDL File  ; C:/AdvanceDigyProjects/ENCE_3210_Jacob_Arrazola_2026/Lab2/main.v                ;         ;
; seg7_decoder.v                   ; yes             ; Auto-Found Verilog HDL File  ; C:/AdvanceDigyProjects/ENCE_3210_Jacob_Arrazola_2026/Lab2/seg7_decoder.v        ;         ;
+----------------------------------+-----------------+------------------------------+---------------------------------------------------------------------------------+---------+


+-------------------------------------------------------------------------------+
; Analysis & Synthesis Resource Usage Summary                                   ;
+---------------------------------------------+---------------------------------+
; Resource                                    ; Usage                           ;
+---------------------------------------------+---------------------------------+
; Estimate of Logic utilization (ALMs needed) ; 27                              ;
;                                             ;                                 ;
; Combinational ALUT usage for logic          ; 54                              ;
;     -- 7 input functions                    ; 0                               ;
;     -- 6 input functions                    ; 0                               ;
;     -- 5 input functions                    ; 14                              ;
;     -- 4 input functions                    ; 18                              ;
;     -- <=3 input functions                  ; 22                              ;
;                                             ;                                 ;
; Dedicated logic registers                   ; 0                               ;
;                                             ;                                 ;
; I/O pins                                    ; 96                              ;
;                                             ;                                 ;
; Total DSP Blocks                            ; 0                               ;
;                                             ;                                 ;
; Maximum fan-out node                        ; BCD_Adder_Algorithm:BCD0|Add0~1 ;
; Maximum fan-out                             ; 9                               ;
; Total fan-out                               ; 345                             ;
; Average fan-out                             ; 1.40                            ;
+---------------------------------------------+---------------------------------+


+--------------------------------------------------------------------------------------------------------------------------------------------------------------------------------------------------------------+
; Analysis & Synthesis Resource Utilization by Entity                                                                                                                                                          ;
+-------------------------------+---------------------+---------------------------+-------------------+------------+------+--------------+--------------------------------+---------------------+--------------+
; Compilation Hierarchy Node    ; Combinational ALUTs ; Dedicated Logic Registers ; Block Memory Bits ; DSP Blocks ; Pins ; Virtual Pins ; Full Hierarchy Name            ; Entity Name         ; Library Name ;
+-------------------------------+---------------------+---------------------------+-------------------+------------+------+--------------+--------------------------------+---------------------+--------------+
; |Main                         ; 54 (0)              ; 0 (0)                     ; 0                 ; 0          ; 96   ; 0            ; |Main                          ; Main                ; work         ;
;    |BCD_Adder_Algorithm:BCD0| ; 12 (12)             ; 0 (0)                     ; 0                 ; 0          ; 0    ; 0            ; |Main|BCD_Adder_Algorithm:BCD0 ; BCD_Adder_Algorithm ; work         ;
;    |Seg7_Decoder:D0|          ; 7 (7)               ; 0 (0)                     ; 0                 ; 0          ; 0    ; 0            ; |Main|Seg7_Decoder:D0          ; Seg7_Decoder        ; work         ;
;    |Seg7_Decoder:D1|          ; 7 (7)               ; 0 (0)                     ; 0                 ; 0          ; 0    ; 0            ; |Main|Seg7_Decoder:D1          ; Seg7_Decoder        ; work         ;
;    |Seg7_Decoder:DA0|         ; 7 (7)               ; 0 (0)                     ; 0                 ; 0          ; 0    ; 0            ; |Main|Seg7_Decoder:DA0         ; Seg7_Decoder        ; work         ;
;    |Seg7_Decoder:DA1|         ; 7 (7)               ; 0 (0)                     ; 0                 ; 0          ; 0    ; 0            ; |Main|Seg7_Decoder:DA1         ; Seg7_Decoder        ; work         ;
;    |Seg7_Decoder:DB0|         ; 7 (7)               ; 0 (0)                     ; 0                 ; 0          ; 0    ; 0            ; |Main|Seg7_Decoder:DB0         ; Seg7_Decoder        ; work         ;
;    |Seg7_Decoder:DB1|         ; 7 (7)               ; 0 (0)                     ; 0                 ; 0          ; 0    ; 0            ; |Main|Seg7_Decoder:DB1         ; Seg7_Decoder        ; work         ;
+-------------------------------+---------------------+---------------------------+-------------------+------------+------+--------------+--------------------------------+---------------------+--------------+
Note: For table entries with two numbers listed, the numbers in parentheses indicate the number of resources of the given type used by the specific entity alone. The numbers listed outside of parentheses indicate the total resources of the given type used by the specific entity and all of its sub-entities in the hierarchy.


+------------------------------------------------------+
; General Register Statistics                          ;
+----------------------------------------------+-------+
; Statistic                                    ; Value ;
+----------------------------------------------+-------+
; Total registers                              ; 0     ;
; Number of registers using Synchronous Clear  ; 0     ;
; Number of registers using Synchronous Load   ; 0     ;
; Number of registers using Asynchronous Clear ; 0     ;
; Number of registers using Asynchronous Load  ; 0     ;
; Number of registers using Clock Enable       ; 0     ;
; Number of registers using Preset             ; 0     ;
+----------------------------------------------+-------+


+---------------------------------------------+
; Port Connectivity Checks: "Seg7_Decoder:D2" ;
+---------+-------+----------+----------------+
; Port    ; Type  ; Severity ; Details        ;
+---------+-------+----------+----------------+
; m[3..1] ; Input ; Info     ; Stuck at GND   ;
+---------+-------+----------+----------------+


+-----------------------------------------------------+
; Post-Synthesis Netlist Statistics for Top Partition ;
+-----------------------+-----------------------------+
; Type                  ; Count                       ;
+-----------------------+-----------------------------+
; arriav_lcell_comb     ; 68                          ;
;     arith             ; 11                          ;
;         0 data inputs ; 2                           ;
;         2 data inputs ; 8                           ;
;         4 data inputs ; 1                           ;
;     normal            ; 57                          ;
;         0 data inputs ; 2                           ;
;         1 data inputs ; 12                          ;
;         3 data inputs ; 12                          ;
;         4 data inputs ; 17                          ;
;         5 data inputs ; 14                          ;
; boundary_port         ; 96                          ;
;                       ;                             ;
; Max LUT depth         ; 4.90                        ;
; Average LUT depth     ; 2.98                        ;
+-----------------------+-----------------------------+


+-------------------------------+
; Elapsed Time Per Partition    ;
+----------------+--------------+
; Partition Name ; Elapsed Time ;
+----------------+--------------+
; Top            ; 00:00:00     ;
+----------------+--------------+


+-------------------------------+
; Analysis & Synthesis Messages ;
+-------------------------------+
Info: *******************************************************************
Info: Running Quartus Prime Analysis & Synthesis
    Info: Version 25.1std.0 Build 1129 10/21/2025 SC Lite Edition
    Info: Processing started: Tue Sep 22 04:02:29 2026
Info: Command: quartus_map --read_settings_files=on --write_settings_files=off Main -c Main
Warning (18236): Number of processors has not been specified which may cause overloading on shared machines.  Set the global assignment NUM_PARALLEL_PROCESSORS in your QSF to an appropriate value for best performance.
Info (20030): Parallel compilation is enabled and will use 4 of the 4 processors detected
Info (12021): Found 1 design units, including 1 entities, in source file bcd_adder.v
    Info (12023): Found entity 1: BCD_Adder File: C:/AdvanceDigyProjects/ENCE_3210_Jacob_Arrazola_2026/Lab2/BCD_Adder.v Line: 1
Info (12021): Found 1 design units, including 1 entities, in source file bcd_adder_algorithm.v
    Info (12023): Found entity 1: BCD_Adder_Algorithm File: C:/AdvanceDigyProjects/ENCE_3210_Jacob_Arrazola_2026/Lab2/BCD_Adder_Algorithm.v Line: 1
Warning (12125): Using design file main.v, which is not specified as a design file for the current project, but contains definitions for 1 design units and 1 entities in project
    Info (12023): Found entity 1: Main File: C:/AdvanceDigyProjects/ENCE_3210_Jacob_Arrazola_2026/Lab2/main.v Line: 1
Info (12127): Elaborating entity "Main" for the top level hierarchy
Warning (10034): Output port "LEDR" at main.v(252) has no driver File: C:/AdvanceDigyProjects/ENCE_3210_Jacob_Arrazola_2026/Lab2/main.v Line: 252
Info (12128): Elaborating entity "BCD_Adder_Algorithm" for hierarchy "BCD_Adder_Algorithm:BCD0" File: C:/AdvanceDigyProjects/ENCE_3210_Jacob_Arrazola_2026/Lab2/main.v Line: 384
Warning (10230): Verilog HDL assignment warning at BCD_Adder_Algorithm.v(41): truncated value with size 5 to match size of target (4) File: C:/AdvanceDigyProjects/ENCE_3210_Jacob_Arrazola_2026/Lab2/BCD_Adder_Algorithm.v Line: 41
Warning (10230): Verilog HDL assignment warning at BCD_Adder_Algorithm.v(62): truncated value with size 5 to match size of target (4) File: C:/AdvanceDigyProjects/ENCE_3210_Jacob_Arrazola_2026/Lab2/BCD_Adder_Algorithm.v Line: 62
Warning (12125): Using design file seg7_decoder.v, which is not specified as a design file for the current project, but contains definitions for 1 design units and 1 entities in project
    Info (12023): Found entity 1: Seg7_Decoder File: C:/AdvanceDigyProjects/ENCE_3210_Jacob_Arrazola_2026/Lab2/seg7_decoder.v Line: 1
Info (12128): Elaborating entity "Seg7_Decoder" for hierarchy "Seg7_Decoder:D0" File: C:/AdvanceDigyProjects/ENCE_3210_Jacob_Arrazola_2026/Lab2/main.v Line: 392
Warning (13024): Output pins are stuck at VCC or GND
    Warning (13410): Pin "LEDR[0]" is stuck at GND File: C:/AdvanceDigyProjects/ENCE_3210_Jacob_Arrazola_2026/Lab2/main.v Line: 252
    Warning (13410): Pin "LEDR[1]" is stuck at GND File: C:/AdvanceDigyProjects/ENCE_3210_Jacob_Arrazola_2026/Lab2/main.v Line: 252
    Warning (13410): Pin "LEDR[2]" is stuck at GND File: C:/AdvanceDigyProjects/ENCE_3210_Jacob_Arrazola_2026/Lab2/main.v Line: 252
    Warning (13410): Pin "LEDR[3]" is stuck at GND File: C:/AdvanceDigyProjects/ENCE_3210_Jacob_Arrazola_2026/Lab2/main.v Line: 252
    Warning (13410): Pin "LEDR[4]" is stuck at GND File: C:/AdvanceDigyProjects/ENCE_3210_Jacob_Arrazola_2026/Lab2/main.v Line: 252
    Warning (13410): Pin "LEDR[5]" is stuck at GND File: C:/AdvanceDigyProjects/ENCE_3210_Jacob_Arrazola_2026/Lab2/main.v Line: 252
    Warning (13410): Pin "LEDR[6]" is stuck at GND File: C:/AdvanceDigyProjects/ENCE_3210_Jacob_Arrazola_2026/Lab2/main.v Line: 252
    Warning (13410): Pin "LEDR[7]" is stuck at GND File: C:/AdvanceDigyProjects/ENCE_3210_Jacob_Arrazola_2026/Lab2/main.v Line: 252
    Warning (13410): Pin "LEDR[8]" is stuck at GND File: C:/AdvanceDigyProjects/ENCE_3210_Jacob_Arrazola_2026/Lab2/main.v Line: 252
    Warning (13410): Pin "LEDR[9]" is stuck at GND File: C:/AdvanceDigyProjects/ENCE_3210_Jacob_Arrazola_2026/Lab2/main.v Line: 252
    Warning (13410): Pin "LEDR[10]" is stuck at GND File: C:/AdvanceDigyProjects/ENCE_3210_Jacob_Arrazola_2026/Lab2/main.v Line: 252
    Warning (13410): Pin "LEDR[11]" is stuck at GND File: C:/AdvanceDigyProjects/ENCE_3210_Jacob_Arrazola_2026/Lab2/main.v Line: 252
    Warning (13410): Pin "LEDR[12]" is stuck at GND File: C:/AdvanceDigyProjects/ENCE_3210_Jacob_Arrazola_2026/Lab2/main.v Line: 252
    Warning (13410): Pin "LEDR[13]" is stuck at GND File: C:/AdvanceDigyProjects/ENCE_3210_Jacob_Arrazola_2026/Lab2/main.v Line: 252
    Warning (13410): Pin "LEDR[14]" is stuck at GND File: C:/AdvanceDigyProjects/ENCE_3210_Jacob_Arrazola_2026/Lab2/main.v Line: 252
    Warning (13410): Pin "LEDR[15]" is stuck at GND File: C:/AdvanceDigyProjects/ENCE_3210_Jacob_Arrazola_2026/Lab2/main.v Line: 252
    Warning (13410): Pin "HEX0[7]" is stuck at VCC File: C:/AdvanceDigyProjects/ENCE_3210_Jacob_Arrazola_2026/Lab2/main.v Line: 254
    Warning (13410): Pin "HEX1[7]" is stuck at VCC File: C:/AdvanceDigyProjects/ENCE_3210_Jacob_Arrazola_2026/Lab2/main.v Line: 255
    Warning (13410): Pin "HEX2[1]" is stuck at GND File: C:/AdvanceDigyProjects/ENCE_3210_Jacob_Arrazola_2026/Lab2/main.v Line: 256
    Warning (13410): Pin "HEX2[2]" is stuck at GND File: C:/AdvanceDigyProjects/ENCE_3210_Jacob_Arrazola_2026/Lab2/main.v Line: 256
    Warning (13410): Pin "HEX2[6]" is stuck at VCC File: C:/AdvanceDigyProjects/ENCE_3210_Jacob_Arrazola_2026/Lab2/main.v Line: 256
    Warning (13410): Pin "HEX2[7]" is stuck at VCC File: C:/AdvanceDigyProjects/ENCE_3210_Jacob_Arrazola_2026/Lab2/main.v Line: 256
    Warning (13410): Pin "HEX3[0]" is stuck at VCC File: C:/AdvanceDigyProjects/ENCE_3210_Jacob_Arrazola_2026/Lab2/main.v Line: 257
    Warning (13410): Pin "HEX3[1]" is stuck at VCC File: C:/AdvanceDigyProjects/ENCE_3210_Jacob_Arrazola_2026/Lab2/main.v Line: 257
    Warning (13410): Pin "HEX3[2]" is stuck at VCC File: C:/AdvanceDigyProjects/ENCE_3210_Jacob_Arrazola_2026/Lab2/main.v Line: 257
    Warning (13410): Pin "HEX3[3]" is stuck at VCC File: C:/AdvanceDigyProjects/ENCE_3210_Jacob_Arrazola_2026/Lab2/main.v Line: 257
    Warning (13410): Pin "HEX3[4]" is stuck at VCC File: C:/AdvanceDigyProjects/ENCE_3210_Jacob_Arrazola_2026/Lab2/main.v Line: 257
    Warning (13410): Pin "HEX3[5]" is stuck at VCC File: C:/AdvanceDigyProjects/ENCE_3210_Jacob_Arrazola_2026/Lab2/main.v Line: 257
    Warning (13410): Pin "HEX3[6]" is stuck at VCC File: C:/AdvanceDigyProjects/ENCE_3210_Jacob_Arrazola_2026/Lab2/main.v Line: 257
    Warning (13410): Pin "HEX3[7]" is stuck at VCC File: C:/AdvanceDigyProjects/ENCE_3210_Jacob_Arrazola_2026/Lab2/main.v Line: 257
    Warning (13410): Pin "HEX4[7]" is stuck at VCC File: C:/AdvanceDigyProjects/ENCE_3210_Jacob_Arrazola_2026/Lab2/main.v Line: 258
    Warning (13410): Pin "HEX5[7]" is stuck at VCC File: C:/AdvanceDigyProjects/ENCE_3210_Jacob_Arrazola_2026/Lab2/main.v Line: 259
    Warning (13410): Pin "HEX6[7]" is stuck at VCC File: C:/AdvanceDigyProjects/ENCE_3210_Jacob_Arrazola_2026/Lab2/main.v Line: 260
    Warning (13410): Pin "HEX7[7]" is stuck at VCC File: C:/AdvanceDigyProjects/ENCE_3210_Jacob_Arrazola_2026/Lab2/main.v Line: 262
Info (286030): Timing-Driven Synthesis is running
Info (16010): Generating hard_block partition "hard_block:auto_generated_inst"
    Info (16011): Adding 0 node(s), including 0 DDIO, 0 PLL, 0 transceiver and 0 LCELL
Info (21057): Implemented 150 device resources after synthesis - the final resource count might be different
    Info (21058): Implemented 16 input pins
    Info (21059): Implemented 80 output pins
    Info (21061): Implemented 54 logic cells
Info: Quartus Prime Analysis & Synthesis was successful. 0 errors, 41 warnings
    Info: Peak virtual memory: 13308 megabytes
    Info: Processing ended: Tue Sep 22 04:02:45 2026
    Info: Elapsed time: 00:00:16
    Info: Total CPU time (on all processors): 00:00:28


